#headers#
1 REAFFIRMED 2001
2 FOR CURRENT COMMITTEE PERSONNEL
#headers#